src/app/(dashboard)/test/ui/accordion.tsx(4,37): error TS2307: Cannot find module '@radix-ui/react-accordion@1.2.3' or its corresponding type declarations.
src/app/(dashboard)/test/ui/accordion.tsx(5,33): error TS2307: Cannot find module 'lucide-react@0.487.0' or its corresponding type declarations.
src/app/(dashboard)/test/ui/alert-dialog.tsx(4,39): error TS2307: Cannot find module '@radix-ui/react-alert-dialog@1.1.6' or its corresponding type declarations.
src/app/(dashboard)/test/ui/alert.tsx(2,40): error TS2307: Cannot find module 'class-variance-authority@0.7.1' or its corresponding type declarations.
src/app/(dashboard)/test/ui/aspect-ratio.tsx(3,39): error TS2307: Cannot find module '@radix-ui/react-aspect-ratio@1.1.2' or its corresponding type declarations.
src/app/(dashboard)/test/ui/avatar.tsx(4,34): error TS2307: Cannot find module '@radix-ui/react-avatar@1.1.3' or its corresponding type declarations.
src/app/(dashboard)/test/ui/badge.tsx(2,22): error TS2307: Cannot find module '@radix-ui/react-slot@1.1.2' or its corresponding type declarations.
src/app/(dashboard)/test/ui/badge.tsx(3,40): error TS2307: Cannot find module 'class-variance-authority@0.7.1' or its corresponding type declarations.
src/app/(dashboard)/test/ui/breadcrumb.tsx(2,22): error TS2307: Cannot find module '@radix-ui/react-slot@1.1.2' or its corresponding type declarations.
src/app/(dashboard)/test/ui/breadcrumb.tsx(3,46): error TS2307: Cannot find module 'lucide-react@0.487.0' or its corresponding type declarations.
src/app/(dashboard)/test/ui/button.tsx(2,22): error TS2307: Cannot find module '@radix-ui/react-slot@1.1.2' or its corresponding type declarations.
src/app/(dashboard)/test/ui/button.tsx(3,40): error TS2307: Cannot find module 'class-variance-authority@0.7.1' or its corresponding type declarations.
src/app/(dashboard)/test/ui/calendar.tsx(4,43): error TS2307: Cannot find module 'lucide-react@0.487.0' or its corresponding type declarations.
src/app/(dashboard)/test/ui/calendar.tsx(5,27): error TS2307: Cannot find module 'react-day-picker@8.10.1' or its corresponding type declarations.
src/app/(dashboard)/test/ui/calendar.tsx(63,22): error TS7031: Binding element 'className' implicitly has an 'any' type.
src/app/(dashboard)/test/ui/calendar.tsx(66,23): error TS7031: Binding element 'className' implicitly has an 'any' type.
src/app/(dashboard)/test/ui/carousel.tsx(6,8): error TS2307: Cannot find module 'embla-carousel-react@8.6.0' or its corresponding type declarations.
src/app/(dashboard)/test/ui/carousel.tsx(7,39): error TS2307: Cannot find module 'lucide-react@0.487.0' or its corresponding type declarations.
src/app/(dashboard)/test/ui/chart.tsx(4,36): error TS2307: Cannot find module 'recharts@2.15.2' or its corresponding type declarations.
src/app/(dashboard)/test/ui/chart.tsx(182,23): error TS7006: Parameter 'item' implicitly has an 'any' type.
src/app/(dashboard)/test/ui/chart.tsx(182,29): error TS7006: Parameter 'index' implicitly has an 'any' type.
src/app/(dashboard)/test/ui/chart.tsx(278,21): error TS7006: Parameter 'item' implicitly has an 'any' type.
src/app/(dashboard)/test/ui/checkbox.tsx(4,36): error TS2307: Cannot find module '@radix-ui/react-checkbox@1.1.4' or its corresponding type declarations.
src/app/(dashboard)/test/ui/checkbox.tsx(5,27): error TS2307: Cannot find module 'lucide-react@0.487.0' or its corresponding type declarations.
src/app/(dashboard)/test/ui/collapsible.tsx(3,39): error TS2307: Cannot find module '@radix-ui/react-collapsible@1.1.3' or its corresponding type declarations.
src/app/(dashboard)/test/ui/command.tsx(4,45): error TS2307: Cannot find module 'cmdk@1.1.1' or its corresponding type declarations.
src/app/(dashboard)/test/ui/command.tsx(5,28): error TS2307: Cannot find module 'lucide-react@0.487.0' or its corresponding type declarations.
src/app/(dashboard)/test/ui/context-menu.tsx(4,39): error TS2307: Cannot find module '@radix-ui/react-context-menu@2.2.6' or its corresponding type declarations.
src/app/(dashboard)/test/ui/context-menu.tsx(5,57): error TS2307: Cannot find module 'lucide-react@0.487.0' or its corresponding type declarations.
src/app/(dashboard)/test/ui/dialog.tsx(4,34): error TS2307: Cannot find module '@radix-ui/react-dialog@1.1.6' or its corresponding type declarations.
src/app/(dashboard)/test/ui/dialog.tsx(5,23): error TS2307: Cannot find module 'lucide-react@0.487.0' or its corresponding type declarations.
src/app/(dashboard)/test/ui/drawer.tsx(4,43): error TS2307: Cannot find module 'vaul@1.1.2' or its corresponding type declarations.
src/app/(dashboard)/test/ui/dropdown-menu.tsx(4,40): error TS2307: Cannot find module '@radix-ui/react-dropdown-menu@2.1.6' or its corresponding type declarations.
src/app/(dashboard)/test/ui/dropdown-menu.tsx(5,57): error TS2307: Cannot find module 'lucide-react@0.487.0' or its corresponding type declarations.
src/app/(dashboard)/test/ui/form.tsx(4,33): error TS2307: Cannot find module '@radix-ui/react-label@2.1.2' or its corresponding type declarations.
src/app/(dashboard)/test/ui/form.tsx(5,22): error TS2307: Cannot find module '@radix-ui/react-slot@1.1.2' or its corresponding type declarations.
src/app/(dashboard)/test/ui/form.tsx(14,8): error TS2307: Cannot find module 'react-hook-form@7.55.0' or its corresponding type declarations.
src/app/(dashboard)/test/ui/hover-card.tsx(4,37): error TS2307: Cannot find module '@radix-ui/react-hover-card@1.1.6' or its corresponding type declarations.
src/app/(dashboard)/test/ui/input-otp.tsx(4,43): error TS2307: Cannot find module 'input-otp@1.4.2' or its corresponding type declarations.
src/app/(dashboard)/test/ui/input-otp.tsx(5,27): error TS2307: Cannot find module 'lucide-react@0.487.0' or its corresponding type declarations.
src/app/(dashboard)/test/ui/input-otp.tsx(47,61): error TS2339: Property 'slots' does not exist on type 'string | number | boolean | ServerContextJSONArray | { [key: string]: ServerContextJSONValue; }'.
  Property 'slots' does not exist on type 'string'.
src/app/(dashboard)/test/ui/label.tsx(4,33): error TS2307: Cannot find module '@radix-ui/react-label@2.1.2' or its corresponding type declarations.
src/app/(dashboard)/test/ui/menubar.tsx(4,35): error TS2307: Cannot find module '@radix-ui/react-menubar@1.1.6' or its corresponding type declarations.
src/app/(dashboard)/test/ui/menubar.tsx(5,57): error TS2307: Cannot find module 'lucide-react@0.487.0' or its corresponding type declarations.
src/app/(dashboard)/test/ui/navigation-menu.tsx(2,42): error TS2307: Cannot find module '@radix-ui/react-navigation-menu@1.2.5' or its corresponding type declarations.
src/app/(dashboard)/test/ui/navigation-menu.tsx(3,21): error TS2307: Cannot find module 'class-variance-authority@0.7.1' or its corresponding type declarations.
src/app/(dashboard)/test/ui/navigation-menu.tsx(4,33): error TS2307: Cannot find module 'lucide-react@0.487.0' or its corresponding type declarations.
src/app/(dashboard)/test/ui/pagination.tsx(6,8): error TS2307: Cannot find module 'lucide-react@0.487.0' or its corresponding type declarations.
src/app/(dashboard)/test/ui/pagination.tsx(75,7): error TS2783: 'size' is specified more than once, so this usage will be overwritten.
src/app/(dashboard)/test/ui/pagination.tsx(92,7): error TS2783: 'size' is specified more than once, so this usage will be overwritten.
src/app/(dashboard)/test/ui/popover.tsx(4,35): error TS2307: Cannot find module '@radix-ui/react-popover@1.1.6' or its corresponding type declarations.
src/app/(dashboard)/test/ui/progress.tsx(4,36): error TS2307: Cannot find module '@radix-ui/react-progress@1.1.2' or its corresponding type declarations.
src/app/(dashboard)/test/ui/radio-group.tsx(4,38): error TS2307: Cannot find module '@radix-ui/react-radio-group@1.2.3' or its corresponding type declarations.
src/app/(dashboard)/test/ui/radio-group.tsx(5,28): error TS2307: Cannot find module 'lucide-react@0.487.0' or its corresponding type declarations.
src/app/(dashboard)/test/ui/resizable.tsx(4,34): error TS2307: Cannot find module 'lucide-react@0.487.0' or its corresponding type declarations.
src/app/(dashboard)/test/ui/resizable.tsx(5,37): error TS2307: Cannot find module 'react-resizable-panels@2.1.7' or its corresponding type declarations.
src/app/(dashboard)/test/ui/scroll-area.tsx(4,38): error TS2307: Cannot find module '@radix-ui/react-scroll-area@1.2.3' or its corresponding type declarations.
src/app/(dashboard)/test/ui/select.tsx(4,34): error TS2307: Cannot find module '@radix-ui/react-select@2.1.6' or its corresponding type declarations.
src/app/(dashboard)/test/ui/select.tsx(9,8): error TS2307: Cannot find module 'lucide-react@0.487.0' or its corresponding type declarations.
src/app/(dashboard)/test/ui/separator.tsx(4,37): error TS2307: Cannot find module '@radix-ui/react-separator@1.1.2' or its corresponding type declarations.
src/app/(dashboard)/test/ui/sheet.tsx(4,33): error TS2307: Cannot find module '@radix-ui/react-dialog@1.1.6' or its corresponding type declarations.
src/app/(dashboard)/test/ui/sheet.tsx(5,23): error TS2307: Cannot find module 'lucide-react@0.487.0' or its corresponding type declarations.
src/app/(dashboard)/test/ui/sidebar.tsx(4,22): error TS2307: Cannot find module '@radix-ui/react-slot@1.1.2' or its corresponding type declarations.
src/app/(dashboard)/test/ui/sidebar.tsx(5,35): error TS2307: Cannot find module 'class-variance-authority@0.7.1' or its corresponding type declarations.
src/app/(dashboard)/test/ui/sidebar.tsx(6,31): error TS2307: Cannot find module 'lucide-react@0.487.0' or its corresponding type declarations.
src/app/(dashboard)/test/ui/sidebar.tsx(270,17): error TS7006: Parameter 'event' implicitly has an 'any' type.
src/app/(dashboard)/test/ui/slider.tsx(4,34): error TS2307: Cannot find module '@radix-ui/react-slider@1.2.3' or its corresponding type declarations.
src/app/(dashboard)/test/ui/sonner.tsx(3,26): error TS2307: Cannot find module 'next-themes@0.4.6' or its corresponding type declarations.
src/app/(dashboard)/test/ui/sonner.tsx(4,49): error TS2307: Cannot find module 'sonner@2.0.3' or its corresponding type declarations.
src/app/(dashboard)/test/ui/switch.tsx(4,34): error TS2307: Cannot find module '@radix-ui/react-switch@1.1.3' or its corresponding type declarations.
src/app/(dashboard)/test/ui/tabs.tsx(4,32): error TS2307: Cannot find module '@radix-ui/react-tabs@1.1.3' or its corresponding type declarations.
src/app/(dashboard)/test/ui/toggle-group.tsx(4,39): error TS2307: Cannot find module '@radix-ui/react-toggle-group@1.1.2' or its corresponding type declarations.
src/app/(dashboard)/test/ui/toggle-group.tsx(5,35): error TS2307: Cannot find module 'class-variance-authority@0.7.1' or its corresponding type declarations.
src/app/(dashboard)/test/ui/toggle.tsx(4,34): error TS2307: Cannot find module '@radix-ui/react-toggle@1.1.2' or its corresponding type declarations.
src/app/(dashboard)/test/ui/toggle.tsx(5,40): error TS2307: Cannot find module 'class-variance-authority@0.7.1' or its corresponding type declarations.
src/app/(dashboard)/test/ui/tooltip.tsx(4,35): error TS2307: Cannot find module '@radix-ui/react-tooltip@1.1.8' or its corresponding type declarations.
src/components/FormModal.tsx(59,61): error TS2322: Type '{ type: "create" | "update"; data: any; setOpen: Dispatch<SetStateAction<boolean>>; relatedData: any; onSuccess: (() => void) | undefined; }' is not assignable to type 'IntrinsicAttributes & SubjectDialogProps'.
  Property 'setOpen' does not exist on type 'IntrinsicAttributes & SubjectDialogProps'.
src/components/TargetCursor.tsx(47,16): error TS2540: Cannot assign to 'current' because it is a read-only property.
src/components/TargetCursor.tsx(77,14): error TS2540: Cannot assign to 'current' because it is a read-only property.
src/components/TargetCursor.tsx(275,20): error TS2540: Cannot assign to 'current' because it is a read-only property.
src/components/TargetCursor.tsx(322,14): error TS2540: Cannot assign to 'current' because it is a read-only property.
src/lib/utils.ts(14,16): error TS2345: Argument of type '{ start: string; end: string; }' is not assignable to parameter of type 'TimeSlot'.
  Property 'id' is missing in type '{ start: string; end: string; }' but required in type 'TimeSlot'.
