node_modules/next/dist/shared/lib/dynamic.d.ts(1,8): error TS1259: Module '"F:/delSchool Website/frontend/node_modules/@types/react/index"' can only be default-imported using the 'esModuleInterop' flag
node_modules/react-hook-form/dist/form.d.ts(1,8): error TS1259: Module '"F:/delSchool Website/frontend/node_modules/@types/react/index"' can only be default-imported using the 'esModuleInterop' flag
node_modules/react-hook-form/dist/types/controller.d.ts(1,13): error TS1259: Module '"F:/delSchool Website/frontend/node_modules/@types/react/index"' can only be default-imported using the 'esModuleInterop' flag
node_modules/react-hook-form/dist/types/form.d.ts(1,13): error TS1259: Module '"F:/delSchool Website/frontend/node_modules/@types/react/index"' can only be default-imported using the 'esModuleInterop' flag
node_modules/react-hook-form/dist/useFormContext.d.ts(1,8): error TS1259: Module '"F:/delSchool Website/frontend/node_modules/@types/react/index"' can only be default-imported using the 'esModuleInterop' flag
node_modules/recharts/types/cartesian/Area.d.ts(4,8): error TS1259: Module '"F:/delSchool Website/frontend/node_modules/@types/react/index"' can only be default-imported using the 'esModuleInterop' flag
node_modules/recharts/types/cartesian/Bar.d.ts(4,8): error TS1259: Module '"F:/delSchool Website/frontend/node_modules/@types/react/index"' can only be default-imported using the 'esModuleInterop' flag
node_modules/recharts/types/cartesian/Brush.d.ts(4,8): error TS1259: Module '"F:/delSchool Website/frontend/node_modules/@types/react/index"' can only be default-imported using the 'esModuleInterop' flag
node_modules/recharts/types/cartesian/CartesianAxis.d.ts(4,8): error TS1259: Module '"F:/delSchool Website/frontend/node_modules/@types/react/index"' can only be default-imported using the 'esModuleInterop' flag
node_modules/recharts/types/cartesian/CartesianGrid.d.ts(4,8): error TS1259: Module '"F:/delSchool Website/frontend/node_modules/@types/react/index"' can only be default-imported using the 'esModuleInterop' flag
node_modules/recharts/types/cartesian/ErrorBar.d.ts(4,8): error TS1259: Module '"F:/delSchool Website/frontend/node_modules/@types/react/index"' can only be default-imported using the 'esModuleInterop' flag
node_modules/recharts/types/cartesian/Line.d.ts(4,8): error TS1259: Module '"F:/delSchool Website/frontend/node_modules/@types/react/index"' can only be default-imported using the 'esModuleInterop' flag
node_modules/recharts/types/cartesian/ReferenceArea.d.ts(4,8): error TS1259: Module '"F:/delSchool Website/frontend/node_modules/@types/react/index"' can only be default-imported using the 'esModuleInterop' flag
node_modules/recharts/types/cartesian/ReferenceDot.d.ts(4,8): error TS1259: Module '"F:/delSchool Website/frontend/node_modules/@types/react/index"' can only be default-imported using the 'esModuleInterop' flag
node_modules/recharts/types/cartesian/ReferenceLine.d.ts(4,8): error TS1259: Module '"F:/delSchool Website/frontend/node_modules/@types/react/index"' can only be default-imported using the 'esModuleInterop' flag
node_modules/recharts/types/cartesian/Scatter.d.ts(4,8): error TS1259: Module '"F:/delSchool Website/frontend/node_modules/@types/react/index"' can only be default-imported using the 'esModuleInterop' flag
node_modules/recharts/types/chart/generateCategoricalChart.d.ts(1,8): error TS1259: Module '"F:/delSchool Website/frontend/node_modules/@types/react/index"' can only be default-imported using the 'esModuleInterop' flag
node_modules/recharts/types/chart/Sankey.d.ts(4,8): error TS1259: Module '"F:/delSchool Website/frontend/node_modules/@types/react/index"' can only be default-imported using the 'esModuleInterop' flag
node_modules/recharts/types/chart/SunburstChart.d.ts(1,8): error TS1259: Module '"F:/delSchool Website/frontend/node_modules/@types/react/index"' can only be default-imported using the 'esModuleInterop' flag
node_modules/recharts/types/chart/Treemap.d.ts(4,8): error TS1259: Module '"F:/delSchool Website/frontend/node_modules/@types/react/index"' can only be default-imported using the 'esModuleInterop' flag
node_modules/recharts/types/component/Customized.d.ts(4,8): error TS1259: Module '"F:/delSchool Website/frontend/node_modules/@types/react/index"' can only be default-imported using the 'esModuleInterop' flag
node_modules/recharts/types/component/DefaultLegendContent.d.ts(4,8): error TS1259: Module '"F:/delSchool Website/frontend/node_modules/@types/react/index"' can only be default-imported using the 'esModuleInterop' flag
node_modules/recharts/types/component/DefaultTooltipContent.d.ts(4,8): error TS1259: Module '"F:/delSchool Website/frontend/node_modules/@types/react/index"' can only be default-imported using the 'esModuleInterop' flag
node_modules/recharts/types/component/Label.d.ts(1,8): error TS1259: Module '"F:/delSchool Website/frontend/node_modules/@types/react/index"' can only be default-imported using the 'esModuleInterop' flag
node_modules/recharts/types/component/LabelList.d.ts(1,8): error TS1259: Module '"F:/delSchool Website/frontend/node_modules/@types/react/index"' can only be default-imported using the 'esModuleInterop' flag
node_modules/recharts/types/component/Legend.d.ts(4,8): error TS1259: Module '"F:/delSchool Website/frontend/node_modules/@types/react/index"' can only be default-imported using the 'esModuleInterop' flag
node_modules/recharts/types/component/ResponsiveContainer.d.ts(1,8): error TS1259: Module '"F:/delSchool Website/frontend/node_modules/@types/react/index"' can only be default-imported using the 'esModuleInterop' flag
node_modules/recharts/types/component/Text.d.ts(1,8): error TS1259: Module '"F:/delSchool Website/frontend/node_modules/@types/react/index"' can only be default-imported using the 'esModuleInterop' flag
node_modules/recharts/types/component/Tooltip.d.ts(4,8): error TS1259: Module '"F:/delSchool Website/frontend/node_modules/@types/react/index"' can only be default-imported using the 'esModuleInterop' flag
node_modules/recharts/types/container/Layer.d.ts(1,8): error TS1259: Module '"F:/delSchool Website/frontend/node_modules/@types/react/index"' can only be default-imported using the 'esModuleInterop' flag
node_modules/recharts/types/container/Surface.d.ts(4,8): error TS1259: Module '"F:/delSchool Website/frontend/node_modules/@types/react/index"' can only be default-imported using the 'esModuleInterop' flag
node_modules/recharts/types/numberAxis/Funnel.d.ts(4,8): error TS1259: Module '"F:/delSchool Website/frontend/node_modules/@types/react/index"' can only be default-imported using the 'esModuleInterop' flag
node_modules/recharts/types/polar/Pie.d.ts(4,8): error TS1259: Module '"F:/delSchool Website/frontend/node_modules/@types/react/index"' can only be default-imported using the 'esModuleInterop' flag
node_modules/recharts/types/polar/PolarAngleAxis.d.ts(4,8): error TS1259: Module '"F:/delSchool Website/frontend/node_modules/@types/react/index"' can only be default-imported using the 'esModuleInterop' flag
node_modules/recharts/types/polar/PolarGrid.d.ts(4,8): error TS1259: Module '"F:/delSchool Website/frontend/node_modules/@types/react/index"' can only be default-imported using the 'esModuleInterop' flag
node_modules/recharts/types/polar/PolarRadiusAxis.d.ts(4,8): error TS1259: Module '"F:/delSchool Website/frontend/node_modules/@types/react/index"' can only be default-imported using the 'esModuleInterop' flag
node_modules/recharts/types/polar/Radar.d.ts(4,8): error TS1259: Module '"F:/delSchool Website/frontend/node_modules/@types/react/index"' can only be default-imported using the 'esModuleInterop' flag
node_modules/recharts/types/polar/RadialBar.d.ts(4,8): error TS1259: Module '"F:/delSchool Website/frontend/node_modules/@types/react/index"' can only be default-imported using the 'esModuleInterop' flag
node_modules/recharts/types/shape/Cross.d.ts(4,8): error TS1259: Module '"F:/delSchool Website/frontend/node_modules/@types/react/index"' can only be default-imported using the 'esModuleInterop' flag
node_modules/recharts/types/shape/Polygon.d.ts(4,8): error TS1259: Module '"F:/delSchool Website/frontend/node_modules/@types/react/index"' can only be default-imported using the 'esModuleInterop' flag
node_modules/recharts/types/shape/Rectangle.d.ts(4,8): error TS1259: Module '"F:/delSchool Website/frontend/node_modules/@types/react/index"' can only be default-imported using the 'esModuleInterop' flag
node_modules/recharts/types/shape/Sector.d.ts(4,8): error TS1259: Module '"F:/delSchool Website/frontend/node_modules/@types/react/index"' can only be default-imported using the 'esModuleInterop' flag
node_modules/recharts/types/shape/Symbols.d.ts(4,8): error TS1259: Module '"F:/delSchool Website/frontend/node_modules/@types/react/index"' can only be default-imported using the 'esModuleInterop' flag
node_modules/recharts/types/shape/Trapezoid.d.ts(4,8): error TS1259: Module '"F:/delSchool Website/frontend/node_modules/@types/react/index"' can only be default-imported using the 'esModuleInterop' flag
node_modules/recharts/types/util/BarUtils.d.ts(1,8): error TS1259: Module '"F:/delSchool Website/frontend/node_modules/@types/react/index"' can only be default-imported using the 'esModuleInterop' flag
node_modules/sonner/dist/index.d.ts(1,8): error TS1259: Module '"F:/delSchool Website/frontend/node_modules/@types/react/index"' can only be default-imported using the 'esModuleInterop' flag
node_modules/zod/v3/errors.d.cts(2,8): error TS1259: Module '"F:/delSchool Website/frontend/node_modules/zod/v3/locales/en"' can only be default-imported using the 'esModuleInterop' flag
node_modules/zod/v4/locales/index.d.cts(1,21): error TS1259: Module '"F:/delSchool Website/frontend/node_modules/zod/v4/locales/ar"' can only be default-imported using the 'esModuleInterop' flag
node_modules/zod/v4/locales/index.d.cts(2,21): error TS1259: Module '"F:/delSchool Website/frontend/node_modules/zod/v4/locales/az"' can only be default-imported using the 'esModuleInterop' flag
node_modules/zod/v4/locales/index.d.cts(3,21): error TS1259: Module '"F:/delSchool Website/frontend/node_modules/zod/v4/locales/be"' can only be default-imported using the 'esModuleInterop' flag
node_modules/zod/v4/locales/index.d.cts(5,21): error TS1259: Module '"F:/delSchool Website/frontend/node_modules/zod/v4/locales/ca"' can only be default-imported using the 'esModuleInterop' flag
node_modules/zod/v4/locales/index.d.cts(6,21): error TS1259: Module '"F:/delSchool Website/frontend/node_modules/zod/v4/locales/cs"' can only be default-imported using the 'esModuleInterop' flag
node_modules/zod/v4/locales/index.d.cts(7,21): error TS1259: Module '"F:/delSchool Website/frontend/node_modules/zod/v4/locales/da"' can only be default-imported using the 'esModuleInterop' flag
node_modules/zod/v4/locales/index.d.cts(8,21): error TS1259: Module '"F:/delSchool Website/frontend/node_modules/zod/v4/locales/de"' can only be default-imported using the 'esModuleInterop' flag
node_modules/zod/v4/locales/index.d.cts(11,21): error TS1259: Module '"F:/delSchool Website/frontend/node_modules/zod/v4/locales/es"' can only be default-imported using the 'esModuleInterop' flag
node_modules/zod/v4/locales/index.d.cts(12,21): error TS1259: Module '"F:/delSchool Website/frontend/node_modules/zod/v4/locales/fa"' can only be default-imported using the 'esModuleInterop' flag
node_modules/zod/v4/locales/index.d.cts(13,21): error TS1259: Module '"F:/delSchool Website/frontend/node_modules/zod/v4/locales/fi"' can only be default-imported using the 'esModuleInterop' flag
node_modules/zod/v4/locales/index.d.cts(14,21): error TS1259: Module '"F:/delSchool Website/frontend/node_modules/zod/v4/locales/fr"' can only be default-imported using the 'esModuleInterop' flag
node_modules/zod/v4/locales/index.d.cts(15,21): error TS1259: Module '"F:/delSchool Website/frontend/node_modules/zod/v4/locales/fr-CA"' can only be default-imported using the 'esModuleInterop' flag
node_modules/zod/v4/locales/index.d.cts(16,21): error TS1259: Module '"F:/delSchool Website/frontend/node_modules/zod/v4/locales/he"' can only be default-imported using the 'esModuleInterop' flag
node_modules/zod/v4/locales/index.d.cts(17,21): error TS1259: Module '"F:/delSchool Website/frontend/node_modules/zod/v4/locales/hu"' can only be default-imported using the 'esModuleInterop' flag
node_modules/zod/v4/locales/index.d.cts(18,21): error TS1259: Module '"F:/delSchool Website/frontend/node_modules/zod/v4/locales/id"' can only be default-imported using the 'esModuleInterop' flag
node_modules/zod/v4/locales/index.d.cts(20,21): error TS1259: Module '"F:/delSchool Website/frontend/node_modules/zod/v4/locales/it"' can only be default-imported using the 'esModuleInterop' flag
node_modules/zod/v4/locales/index.d.cts(21,21): error TS1259: Module '"F:/delSchool Website/frontend/node_modules/zod/v4/locales/ja"' can only be default-imported using the 'esModuleInterop' flag
node_modules/zod/v4/locales/index.d.cts(23,21): error TS1259: Module '"F:/delSchool Website/frontend/node_modules/zod/v4/locales/kh"' can only be default-imported using the 'esModuleInterop' flag
node_modules/zod/v4/locales/index.d.cts(24,21): error TS1259: Module '"F:/delSchool Website/frontend/node_modules/zod/v4/locales/km"' can only be default-imported using the 'esModuleInterop' flag
node_modules/zod/v4/locales/index.d.cts(25,21): error TS1259: Module '"F:/delSchool Website/frontend/node_modules/zod/v4/locales/ko"' can only be default-imported using the 'esModuleInterop' flag
node_modules/zod/v4/locales/index.d.cts(27,21): error TS1259: Module '"F:/delSchool Website/frontend/node_modules/zod/v4/locales/mk"' can only be default-imported using the 'esModuleInterop' flag
node_modules/zod/v4/locales/index.d.cts(28,21): error TS1259: Module '"F:/delSchool Website/frontend/node_modules/zod/v4/locales/ms"' can only be default-imported using the 'esModuleInterop' flag
node_modules/zod/v4/locales/index.d.cts(29,21): error TS1259: Module '"F:/delSchool Website/frontend/node_modules/zod/v4/locales/nl"' can only be default-imported using the 'esModuleInterop' flag
node_modules/zod/v4/locales/index.d.cts(30,21): error TS1259: Module '"F:/delSchool Website/frontend/node_modules/zod/v4/locales/no"' can only be default-imported using the 'esModuleInterop' flag
node_modules/zod/v4/locales/index.d.cts(31,21): error TS1259: Module '"F:/delSchool Website/frontend/node_modules/zod/v4/locales/ota"' can only be default-imported using the 'esModuleInterop' flag
node_modules/zod/v4/locales/index.d.cts(32,21): error TS1259: Module '"F:/delSchool Website/frontend/node_modules/zod/v4/locales/ps"' can only be default-imported using the 'esModuleInterop' flag
node_modules/zod/v4/locales/index.d.cts(33,21): error TS1259: Module '"F:/delSchool Website/frontend/node_modules/zod/v4/locales/pl"' can only be default-imported using the 'esModuleInterop' flag
node_modules/zod/v4/locales/index.d.cts(34,21): error TS1259: Module '"F:/delSchool Website/frontend/node_modules/zod/v4/locales/pt"' can only be default-imported using the 'esModuleInterop' flag
node_modules/zod/v4/locales/index.d.cts(35,21): error TS1259: Module '"F:/delSchool Website/frontend/node_modules/zod/v4/locales/ru"' can only be default-imported using the 'esModuleInterop' flag
node_modules/zod/v4/locales/index.d.cts(36,21): error TS1259: Module '"F:/delSchool Website/frontend/node_modules/zod/v4/locales/sl"' can only be default-imported using the 'esModuleInterop' flag
node_modules/zod/v4/locales/index.d.cts(37,21): error TS1259: Module '"F:/delSchool Website/frontend/node_modules/zod/v4/locales/sv"' can only be default-imported using the 'esModuleInterop' flag
node_modules/zod/v4/locales/index.d.cts(38,21): error TS1259: Module '"F:/delSchool Website/frontend/node_modules/zod/v4/locales/ta"' can only be default-imported using the 'esModuleInterop' flag
node_modules/zod/v4/locales/index.d.cts(39,21): error TS1259: Module '"F:/delSchool Website/frontend/node_modules/zod/v4/locales/th"' can only be default-imported using the 'esModuleInterop' flag
node_modules/zod/v4/locales/index.d.cts(41,21): error TS1259: Module '"F:/delSchool Website/frontend/node_modules/zod/v4/locales/ua"' can only be default-imported using the 'esModuleInterop' flag
node_modules/zod/v4/locales/index.d.cts(42,21): error TS1259: Module '"F:/delSchool Website/frontend/node_modules/zod/v4/locales/uk"' can only be default-imported using the 'esModuleInterop' flag
node_modules/zod/v4/locales/index.d.cts(43,21): error TS1259: Module '"F:/delSchool Website/frontend/node_modules/zod/v4/locales/ur"' can only be default-imported using the 'esModuleInterop' flag
node_modules/zod/v4/locales/index.d.cts(44,21): error TS1259: Module '"F:/delSchool Website/frontend/node_modules/zod/v4/locales/vi"' can only be default-imported using the 'esModuleInterop' flag
node_modules/zod/v4/locales/index.d.cts(45,21): error TS1259: Module '"F:/delSchool Website/frontend/node_modules/zod/v4/locales/zh-CN"' can only be default-imported using the 'esModuleInterop' flag
node_modules/zod/v4/locales/index.d.cts(46,21): error TS1259: Module '"F:/delSchool Website/frontend/node_modules/zod/v4/locales/zh-TW"' can only be default-imported using the 'esModuleInterop' flag
node_modules/zod/v4/locales/index.d.cts(47,21): error TS1259: Module '"F:/delSchool Website/frontend/node_modules/zod/v4/locales/yo"' can only be default-imported using the 'esModuleInterop' flag
src/app/(dashboard)/list/fees/page.tsx(7,17): error TS2307: Cannot find module '@/lib/api' or its corresponding type declarations.
src/app/(dashboard)/list/fees/page.tsx(8,35): error TS2307: Cannot find module '@/components/ui/card' or its corresponding type declarations.
src/app/(dashboard)/list/fees/page.tsx(9,24): error TS2307: Cannot find module '@/components/ui/button' or its corresponding type declarations.
src/app/(dashboard)/list/fees/page.tsx(10,58): error TS2307: Cannot find module '@/components/ui/tabs' or its corresponding type declarations.
src/app/(dashboard)/list/fees/page.tsx(11,23): error TS2307: Cannot find module '@/hooks/use-toast' or its corresponding type declarations.
src/app/(dashboard)/list/fees/page.tsx(19,8): error TS2307: Cannot find module '@/components/ui/table' or its corresponding type declarations.
src/app/(dashboard)/list/fees/page.tsx(25,8): error TS2307: Cannot find module '@/components/ui/dropdown-menu' or its corresponding type declarations.
src/app/(dashboard)/list/fees/page.tsx(26,39): error TS2307: Cannot find module '@/components/ui/dialog' or its corresponding type declarations.
src/app/(dashboard)/list/fees/page.tsx(27,21): error TS2307: Cannot find module '@/components/forms/FeeForm' or its corresponding type declarations.
src/app/(dashboard)/list/fees/page.tsx(28,24): error TS2307: Cannot find module '@/components/compte/CompteTree' or its corresponding type declarations.
src/app/(dashboard)/list/fees/page.tsx(29,24): error TS2307: Cannot find module '@/components/compte/CompteForm' or its corresponding type declarations.
src/app/(dashboard)/list/fees/page.tsx(388,5): error TS17004: Cannot use JSX unless the '--jsx' flag is provided.
src/app/(dashboard)/list/fees/page.tsx(389,7): error TS17004: Cannot use JSX unless the '--jsx' flag is provided.
src/app/(dashboard)/list/fees/page.tsx(390,9): error TS17004: Cannot use JSX unless the '--jsx' flag is provided.
src/app/(dashboard)/list/fees/page.tsx(391,11): error TS17004: Cannot use JSX unless the '--jsx' flag is provided.
src/app/(dashboard)/list/fees/page.tsx(392,11): error TS17004: Cannot use JSX unless the '--jsx' flag is provided.
src/app/(dashboard)/list/fees/page.tsx(396,7): error TS17004: Cannot use JSX unless the '--jsx' flag is provided.
src/app/(dashboard)/list/fees/page.tsx(397,9): error TS17004: Cannot use JSX unless the '--jsx' flag is provided.
src/app/(dashboard)/list/fees/page.tsx(398,11): error TS17004: Cannot use JSX unless the '--jsx' flag is provided.
src/app/(dashboard)/list/fees/page.tsx(399,11): error TS17004: Cannot use JSX unless the '--jsx' flag is provided.
src/app/(dashboard)/list/fees/page.tsx(400,11): error TS17004: Cannot use JSX unless the '--jsx' flag is provided.
src/app/(dashboard)/list/fees/page.tsx(401,11): error TS17004: Cannot use JSX unless the '--jsx' flag is provided.
src/app/(dashboard)/list/fees/page.tsx(404,9): error TS17004: Cannot use JSX unless the '--jsx' flag is provided.
src/app/(dashboard)/list/fees/page.tsx(406,11): error TS17004: Cannot use JSX unless the '--jsx' flag is provided.
src/app/(dashboard)/list/fees/page.tsx(407,13): error TS17004: Cannot use JSX unless the '--jsx' flag is provided.
src/app/(dashboard)/list/fees/page.tsx(412,15): error TS17004: Cannot use JSX unless the '--jsx' flag is provided.
src/app/(dashboard)/list/fees/page.tsx(413,17): error TS17004: Cannot use JSX unless the '--jsx' flag is provided.
src/app/(dashboard)/list/fees/page.tsx(414,19): error TS17004: Cannot use JSX unless the '--jsx' flag is provided.
src/app/(dashboard)/list/fees/page.tsx(416,17): error TS17004: Cannot use JSX unless the '--jsx' flag is provided.
src/app/(dashboard)/list/fees/page.tsx(417,19): error TS17004: Cannot use JSX unless the '--jsx' flag is provided.
src/app/(dashboard)/list/fees/page.tsx(418,19): error TS17004: Cannot use JSX unless the '--jsx' flag is provided.
src/app/(dashboard)/list/fees/page.tsx(421,15): error TS17004: Cannot use JSX unless the '--jsx' flag is provided.
src/app/(dashboard)/list/fees/page.tsx(424,15): error TS17004: Cannot use JSX unless the '--jsx' flag is provided.
src/app/(dashboard)/list/fees/page.tsx(427,13): error TS17004: Cannot use JSX unless the '--jsx' flag is provided.
src/app/(dashboard)/list/fees/page.tsx(433,15): error TS17004: Cannot use JSX unless the '--jsx' flag is provided.
src/app/(dashboard)/list/fees/page.tsx(434,17): error TS17004: Cannot use JSX unless the '--jsx' flag is provided.
src/app/(dashboard)/list/fees/page.tsx(435,19): error TS17004: Cannot use JSX unless the '--jsx' flag is provided.
src/app/(dashboard)/list/fees/page.tsx(437,17): error TS17004: Cannot use JSX unless the '--jsx' flag is provided.
src/app/(dashboard)/list/fees/page.tsx(438,19): error TS17004: Cannot use JSX unless the '--jsx' flag is provided.
src/app/(dashboard)/list/fees/page.tsx(441,15): error TS17004: Cannot use JSX unless the '--jsx' flag is provided.
src/app/(dashboard)/list/fees/page.tsx(444,15): error TS17004: Cannot use JSX unless the '--jsx' flag is provided.
src/app/(dashboard)/list/fees/page.tsx(447,13): error TS17004: Cannot use JSX unless the '--jsx' flag is provided.
src/app/(dashboard)/list/fees/page.tsx(453,15): error TS17004: Cannot use JSX unless the '--jsx' flag is provided.
src/app/(dashboard)/list/fees/page.tsx(454,17): error TS17004: Cannot use JSX unless the '--jsx' flag is provided.
src/app/(dashboard)/list/fees/page.tsx(455,19): error TS17004: Cannot use JSX unless the '--jsx' flag is provided.
src/app/(dashboard)/list/fees/page.tsx(458,15): error TS17004: Cannot use JSX unless the '--jsx' flag is provided.
src/app/(dashboard)/list/fees/page.tsx(461,15): error TS17004: Cannot use JSX unless the '--jsx' flag is provided.
src/app/(dashboard)/list/fees/page.tsx(464,13): error TS17004: Cannot use JSX unless the '--jsx' flag is provided.
src/app/(dashboard)/list/fees/page.tsx(470,15): error TS17004: Cannot use JSX unless the '--jsx' flag is provided.
src/app/(dashboard)/list/fees/page.tsx(471,17): error TS17004: Cannot use JSX unless the '--jsx' flag is provided.
src/app/(dashboard)/list/fees/page.tsx(472,19): error TS17004: Cannot use JSX unless the '--jsx' flag is provided.
src/app/(dashboard)/list/fees/page.tsx(475,15): error TS17004: Cannot use JSX unless the '--jsx' flag is provided.
src/app/(dashboard)/list/fees/page.tsx(478,15): error TS17004: Cannot use JSX unless the '--jsx' flag is provided.
src/app/(dashboard)/list/fees/page.tsx(481,13): error TS17004: Cannot use JSX unless the '--jsx' flag is provided.
src/app/(dashboard)/list/fees/page.tsx(487,15): error TS17004: Cannot use JSX unless the '--jsx' flag is provided.
src/app/(dashboard)/list/fees/page.tsx(488,17): error TS17004: Cannot use JSX unless the '--jsx' flag is provided.
src/app/(dashboard)/list/fees/page.tsx(489,19): error TS17004: Cannot use JSX unless the '--jsx' flag is provided.
src/app/(dashboard)/list/fees/page.tsx(492,15): error TS17004: Cannot use JSX unless the '--jsx' flag is provided.
src/app/(dashboard)/list/fees/page.tsx(493,15): error TS17004: Cannot use JSX unless the '--jsx' flag is provided.
src/app/(dashboard)/list/fees/page.tsx(496,13): error TS17004: Cannot use JSX unless the '--jsx' flag is provided.
src/app/(dashboard)/list/fees/page.tsx(502,15): error TS17004: Cannot use JSX unless the '--jsx' flag is provided.
src/app/(dashboard)/list/fees/page.tsx(503,17): error TS17004: Cannot use JSX unless the '--jsx' flag is provided.
src/app/(dashboard)/list/fees/page.tsx(504,19): error TS17004: Cannot use JSX unless the '--jsx' flag is provided.
src/app/(dashboard)/list/fees/page.tsx(507,15): error TS17004: Cannot use JSX unless the '--jsx' flag is provided.
src/app/(dashboard)/list/fees/page.tsx(510,15): error TS17004: Cannot use JSX unless the '--jsx' flag is provided.
src/app/(dashboard)/list/fees/page.tsx(514,11): error TS17004: Cannot use JSX unless the '--jsx' flag is provided.
src/app/(dashboard)/list/fees/page.tsx(516,13): error TS17004: Cannot use JSX unless the '--jsx' flag is provided.
src/app/(dashboard)/list/fees/page.tsx(522,15): error TS17004: Cannot use JSX unless the '--jsx' flag is provided.
src/app/(dashboard)/list/fees/page.tsx(523,15): error TS17004: Cannot use JSX unless the '--jsx' flag is provided.
src/app/(dashboard)/list/fees/page.tsx(524,17): error TS17004: Cannot use JSX unless the '--jsx' flag is provided.
src/app/(dashboard)/list/fees/page.tsx(525,19): error TS17004: Cannot use JSX unless the '--jsx' flag is provided.
src/app/(dashboard)/list/fees/page.tsx(536,23): error TS17004: Cannot use JSX unless the '--jsx' flag is provided.
src/app/(dashboard)/list/fees/page.tsx(539,19): error TS17004: Cannot use JSX unless the '--jsx' flag is provided.
src/app/(dashboard)/list/fees/page.tsx(545,13): error TS17004: Cannot use JSX unless the '--jsx' flag is provided.
src/app/(dashboard)/list/fees/page.tsx(551,15): error TS17004: Cannot use JSX unless the '--jsx' flag is provided.
src/app/(dashboard)/list/fees/page.tsx(552,15): error TS17004: Cannot use JSX unless the '--jsx' flag is provided.
src/app/(dashboard)/list/fees/page.tsx(554,19): error TS17004: Cannot use JSX unless the '--jsx' flag is provided.
src/app/(dashboard)/list/fees/page.tsx(555,21): error TS17004: Cannot use JSX unless the '--jsx' flag is provided.
src/app/(dashboard)/list/fees/page.tsx(556,23): error TS17004: Cannot use JSX unless the '--jsx' flag is provided.
src/app/(dashboard)/list/fees/page.tsx(557,23): error TS17004: Cannot use JSX unless the '--jsx' flag is provided.
src/app/(dashboard)/list/fees/page.tsx(559,21): error TS17004: Cannot use JSX unless the '--jsx' flag is provided.
src/app/(dashboard)/list/fees/page.tsx(567,11): error TS17004: Cannot use JSX unless the '--jsx' flag is provided.
src/app/(dashboard)/list/fees/page.tsx(573,13): error TS17004: Cannot use JSX unless the '--jsx' flag is provided.
src/app/(dashboard)/list/fees/page.tsx(574,15): error TS17004: Cannot use JSX unless the '--jsx' flag is provided.
src/app/(dashboard)/list/fees/page.tsx(576,13): error TS17004: Cannot use JSX unless the '--jsx' flag is provided.
src/app/(dashboard)/list/fees/page.tsx(577,15): error TS17004: Cannot use JSX unless the '--jsx' flag is provided.
src/app/(dashboard)/list/fees/page.tsx(578,17): error TS17004: Cannot use JSX unless the '--jsx' flag is provided.
src/app/(dashboard)/list/fees/page.tsx(579,19): error TS17004: Cannot use JSX unless the '--jsx' flag is provided.
src/app/(dashboard)/list/fees/page.tsx(580,21): error TS17004: Cannot use JSX unless the '--jsx' flag is provided.
src/app/(dashboard)/list/fees/page.tsx(581,21): error TS17004: Cannot use JSX unless the '--jsx' flag is provided.
src/app/(dashboard)/list/fees/page.tsx(582,21): error TS17004: Cannot use JSX unless the '--jsx' flag is provided.
src/app/(dashboard)/list/fees/page.tsx(583,21): error TS17004: Cannot use JSX unless the '--jsx' flag is provided.
src/app/(dashboard)/list/fees/page.tsx(584,21): error TS17004: Cannot use JSX unless the '--jsx' flag is provided.
src/app/(dashboard)/list/fees/page.tsx(585,21): error TS17004: Cannot use JSX unless the '--jsx' flag is provided.
src/app/(dashboard)/list/fees/page.tsx(586,21): error TS17004: Cannot use JSX unless the '--jsx' flag is provided.
src/app/(dashboard)/list/fees/page.tsx(589,17): error TS17004: Cannot use JSX unless the '--jsx' flag is provided.
src/app/(dashboard)/list/fees/page.tsx(591,21): error TS17004: Cannot use JSX unless the '--jsx' flag is provided.
src/app/(dashboard)/list/fees/page.tsx(592,23): error TS17004: Cannot use JSX unless the '--jsx' flag is provided.
src/app/(dashboard)/list/fees/page.tsx(593,23): error TS17004: Cannot use JSX unless the '--jsx' flag is provided.
src/app/(dashboard)/list/fees/page.tsx(594,25): error TS17004: Cannot use JSX unless the '--jsx' flag is provided.
src/app/(dashboard)/list/fees/page.tsx(598,23): error TS17004: Cannot use JSX unless the '--jsx' flag is provided.
src/app/(dashboard)/list/fees/page.tsx(599,23): error TS17004: Cannot use JSX unless the '--jsx' flag is provided.
src/app/(dashboard)/list/fees/page.tsx(600,23): error TS17004: Cannot use JSX unless the '--jsx' flag is provided.
src/app/(dashboard)/list/fees/page.tsx(601,23): error TS17004: Cannot use JSX unless the '--jsx' flag is provided.
src/app/(dashboard)/list/fees/page.tsx(602,25): error TS17004: Cannot use JSX unless the '--jsx' flag is provided.
src/app/(dashboard)/list/fees/page.tsx(610,23): error TS17004: Cannot use JSX unless the '--jsx' flag is provided.
src/app/(dashboard)/list/fees/page.tsx(612,27): error TS17004: Cannot use JSX unless the '--jsx' flag is provided.
src/app/(dashboard)/list/fees/page.tsx(628,9): error TS17004: Cannot use JSX unless the '--jsx' flag is provided.
src/app/(dashboard)/list/fees/page.tsx(629,11): error TS17004: Cannot use JSX unless the '--jsx' flag is provided.
src/app/(dashboard)/list/fees/page.tsx(630,13): error TS17004: Cannot use JSX unless the '--jsx' flag is provided.
src/app/(dashboard)/list/fees/page.tsx(631,15): error TS17004: Cannot use JSX unless the '--jsx' flag is provided.
src/app/(dashboard)/list/fees/page.tsx(632,17): error TS17004: Cannot use JSX unless the '--jsx' flag is provided.
src/app/(dashboard)/list/fees/page.tsx(633,19): error TS17004: Cannot use JSX unless the '--jsx' flag is provided.
src/app/(dashboard)/list/fees/page.tsx(634,19): error TS17004: Cannot use JSX unless the '--jsx' flag is provided.
src/app/(dashboard)/list/fees/page.tsx(636,17): error TS17004: Cannot use JSX unless the '--jsx' flag is provided.
src/app/(dashboard)/list/fees/page.tsx(637,19): error TS17004: Cannot use JSX unless the '--jsx' flag is provided.
src/app/(dashboard)/list/fees/page.tsx(643,17): error TS17004: Cannot use JSX unless the '--jsx' flag is provided.
src/app/(dashboard)/list/fees/page.tsx(644,19): error TS17004: Cannot use JSX unless the '--jsx' flag is provided.
src/app/(dashboard)/list/fees/page.tsx(647,17): error TS17004: Cannot use JSX unless the '--jsx' flag is provided.
src/app/(dashboard)/list/fees/page.tsx(648,19): error TS17004: Cannot use JSX unless the '--jsx' flag is provided.
src/app/(dashboard)/list/fees/page.tsx(649,21): error TS17004: Cannot use JSX unless the '--jsx' flag is provided.
src/app/(dashboard)/list/fees/page.tsx(650,23): error TS17004: Cannot use JSX unless the '--jsx' flag is provided.
src/app/(dashboard)/list/fees/page.tsx(651,25): error TS17004: Cannot use JSX unless the '--jsx' flag is provided.
src/app/(dashboard)/list/fees/page.tsx(652,25): error TS17004: Cannot use JSX unless the '--jsx' flag is provided.
src/app/(dashboard)/list/fees/page.tsx(653,25): error TS17004: Cannot use JSX unless the '--jsx' flag is provided.
src/app/(dashboard)/list/fees/page.tsx(654,25): error TS17004: Cannot use JSX unless the '--jsx' flag is provided.
src/app/(dashboard)/list/fees/page.tsx(655,25): error TS17004: Cannot use JSX unless the '--jsx' flag is provided.
src/app/(dashboard)/list/fees/page.tsx(656,25): error TS17004: Cannot use JSX unless the '--jsx' flag is provided.
src/app/(dashboard)/list/fees/page.tsx(659,21): error TS17004: Cannot use JSX unless the '--jsx' flag is provided.
src/app/(dashboard)/list/fees/page.tsx(661,25): error TS17004: Cannot use JSX unless the '--jsx' flag is provided.
src/app/(dashboard)/list/fees/page.tsx(662,27): error TS17004: Cannot use JSX unless the '--jsx' flag is provided.
src/app/(dashboard)/list/fees/page.tsx(668,27): error TS17004: Cannot use JSX unless the '--jsx' flag is provided.
src/app/(dashboard)/list/fees/page.tsx(669,29): error TS17004: Cannot use JSX unless the '--jsx' flag is provided.
src/app/(dashboard)/list/fees/page.tsx(670,31): error TS17004: Cannot use JSX unless the '--jsx' flag is provided.
src/app/(dashboard)/list/fees/page.tsx(673,35): error TS17004: Cannot use JSX unless the '--jsx' flag is provided.
src/app/(dashboard)/list/fees/page.tsx(679,29): error TS17004: Cannot use JSX unless the '--jsx' flag is provided.
src/app/(dashboard)/list/fees/page.tsx(680,29): error TS17004: Cannot use JSX unless the '--jsx' flag is provided.
src/app/(dashboard)/list/fees/page.tsx(681,29): error TS17004: Cannot use JSX unless the '--jsx' flag is provided.
src/app/(dashboard)/list/fees/page.tsx(684,29): error TS17004: Cannot use JSX unless the '--jsx' flag is provided.
src/app/(dashboard)/list/fees/page.tsx(685,29): error TS17004: Cannot use JSX unless the '--jsx' flag is provided.
src/app/(dashboard)/list/fees/page.tsx(686,31): error TS17004: Cannot use JSX unless the '--jsx' flag is provided.
src/app/(dashboard)/list/fees/page.tsx(687,33): error TS17004: Cannot use JSX unless the '--jsx' flag is provided.
src/app/(dashboard)/list/fees/page.tsx(688,35): error TS17004: Cannot use JSX unless the '--jsx' flag is provided.
src/app/(dashboard)/list/fees/page.tsx(689,37): error TS17004: Cannot use JSX unless the '--jsx' flag is provided.
src/app/(dashboard)/list/fees/page.tsx(690,37): error TS17004: Cannot use JSX unless the '--jsx' flag is provided.
src/app/(dashboard)/list/fees/page.tsx(693,33): error TS17004: Cannot use JSX unless the '--jsx' flag is provided.
src/app/(dashboard)/list/fees/page.tsx(694,35): error TS17004: Cannot use JSX unless the '--jsx' flag is provided.
src/app/(dashboard)/list/fees/page.tsx(695,37): error TS17004: Cannot use JSX unless the '--jsx' flag is provided.
src/app/(dashboard)/list/fees/page.tsx(698,35): error TS17004: Cannot use JSX unless the '--jsx' flag is provided.
src/app/(dashboard)/list/fees/page.tsx(703,37): error TS17004: Cannot use JSX unless the '--jsx' flag is provided.
src/app/(dashboard)/list/fees/page.tsx(720,9): error TS17004: Cannot use JSX unless the '--jsx' flag is provided.
src/app/(dashboard)/list/fees/page.tsx(721,11): error TS17004: Cannot use JSX unless the '--jsx' flag is provided.
src/app/(dashboard)/list/fees/page.tsx(722,13): error TS17004: Cannot use JSX unless the '--jsx' flag is provided.
src/app/(dashboard)/list/fees/page.tsx(723,15): error TS17004: Cannot use JSX unless the '--jsx' flag is provided.
src/app/(dashboard)/list/fees/page.tsx(724,17): error TS17004: Cannot use JSX unless the '--jsx' flag is provided.
src/app/(dashboard)/list/fees/page.tsx(725,19): error TS17004: Cannot use JSX unless the '--jsx' flag is provided.
src/app/(dashboard)/list/fees/page.tsx(726,19): error TS17004: Cannot use JSX unless the '--jsx' flag is provided.
src/app/(dashboard)/list/fees/page.tsx(728,17): error TS17004: Cannot use JSX unless the '--jsx' flag is provided.
src/app/(dashboard)/list/fees/page.tsx(729,19): error TS17004: Cannot use JSX unless the '--jsx' flag is provided.
src/app/(dashboard)/list/fees/page.tsx(735,15): error TS17004: Cannot use JSX unless the '--jsx' flag is provided.
src/app/(dashboard)/list/fees/page.tsx(736,17): error TS17004: Cannot use JSX unless the '--jsx' flag is provided.
src/app/(dashboard)/list/fees/page.tsx(737,19): error TS17004: Cannot use JSX unless the '--jsx' flag is provided.
src/app/(dashboard)/list/fees/page.tsx(738,19): error TS17004: Cannot use JSX unless the '--jsx' flag is provided.
src/app/(dashboard)/list/fees/page.tsx(746,17): error TS17004: Cannot use JSX unless the '--jsx' flag is provided.
src/app/(dashboard)/list/fees/page.tsx(747,19): error TS17004: Cannot use JSX unless the '--jsx' flag is provided.
src/app/(dashboard)/list/fees/page.tsx(752,21): error TS17004: Cannot use JSX unless the '--jsx' flag is provided.
src/app/(dashboard)/list/fees/page.tsx(753,21): error TS17004: Cannot use JSX unless the '--jsx' flag is provided.
src/app/(dashboard)/list/fees/page.tsx(754,21): error TS17004: Cannot use JSX unless the '--jsx' flag is provided.
src/app/(dashboard)/list/fees/page.tsx(759,15): error TS17004: Cannot use JSX unless the '--jsx' flag is provided.
src/app/(dashboard)/list/fees/page.tsx(760,17): error TS17004: Cannot use JSX unless the '--jsx' flag is provided.
src/app/(dashboard)/list/fees/page.tsx(761,19): error TS17004: Cannot use JSX unless the '--jsx' flag is provided.
src/app/(dashboard)/list/fees/page.tsx(762,21): error TS17004: Cannot use JSX unless the '--jsx' flag is provided.
src/app/(dashboard)/list/fees/page.tsx(763,23): error TS17004: Cannot use JSX unless the '--jsx' flag is provided.
src/app/(dashboard)/list/fees/page.tsx(764,23): error TS17004: Cannot use JSX unless the '--jsx' flag is provided.
src/app/(dashboard)/list/fees/page.tsx(765,23): error TS17004: Cannot use JSX unless the '--jsx' flag is provided.
src/app/(dashboard)/list/fees/page.tsx(766,23): error TS17004: Cannot use JSX unless the '--jsx' flag is provided.
src/app/(dashboard)/list/fees/page.tsx(767,23): error TS17004: Cannot use JSX unless the '--jsx' flag is provided.
src/app/(dashboard)/list/fees/page.tsx(768,23): error TS17004: Cannot use JSX unless the '--jsx' flag is provided.
src/app/(dashboard)/list/fees/page.tsx(769,23): error TS17004: Cannot use JSX unless the '--jsx' flag is provided.
src/app/(dashboard)/list/fees/page.tsx(772,19): error TS17004: Cannot use JSX unless the '--jsx' flag is provided.
src/app/(dashboard)/list/fees/page.tsx(774,23): error TS17004: Cannot use JSX unless the '--jsx' flag is provided.
src/app/(dashboard)/list/fees/page.tsx(775,25): error TS17004: Cannot use JSX unless the '--jsx' flag is provided.
src/app/(dashboard)/list/fees/page.tsx(781,25): error TS17004: Cannot use JSX unless the '--jsx' flag is provided.
src/app/(dashboard)/list/fees/page.tsx(782,27): error TS17004: Cannot use JSX unless the '--jsx' flag is provided.
src/app/(dashboard)/list/fees/page.tsx(783,27): error TS17004: Cannot use JSX unless the '--jsx' flag is provided.
src/app/(dashboard)/list/fees/page.tsx(784,29): error TS17004: Cannot use JSX unless the '--jsx' flag is provided.
src/app/(dashboard)/list/fees/page.tsx(790,27): error TS17004: Cannot use JSX unless the '--jsx' flag is provided.
src/app/(dashboard)/list/fees/page.tsx(791,27): error TS17004: Cannot use JSX unless the '--jsx' flag is provided.
src/app/(dashboard)/list/fees/page.tsx(792,27): error TS17004: Cannot use JSX unless the '--jsx' flag is provided.
src/app/(dashboard)/list/fees/page.tsx(793,27): error TS17004: Cannot use JSX unless the '--jsx' flag is provided.
src/app/(dashboard)/list/fees/page.tsx(798,27): error TS17004: Cannot use JSX unless the '--jsx' flag is provided.
src/app/(dashboard)/list/fees/page.tsx(800,31): error TS17004: Cannot use JSX unless the '--jsx' flag is provided.
src/app/(dashboard)/list/fees/page.tsx(801,33): error TS17004: Cannot use JSX unless the '--jsx' flag is provided.
src/app/(dashboard)/list/fees/page.tsx(802,35): error TS17004: Cannot use JSX unless the '--jsx' flag is provided.
src/app/(dashboard)/list/fees/page.tsx(804,33): error TS17004: Cannot use JSX unless the '--jsx' flag is provided.
src/app/(dashboard)/list/fees/page.tsx(805,35): error TS17004: Cannot use JSX unless the '--jsx' flag is provided.
src/app/(dashboard)/list/fees/page.tsx(820,9): error TS17004: Cannot use JSX unless the '--jsx' flag is provided.
src/app/(dashboard)/list/fees/page.tsx(821,11): error TS17004: Cannot use JSX unless the '--jsx' flag is provided.
src/app/(dashboard)/list/fees/page.tsx(822,13): error TS17004: Cannot use JSX unless the '--jsx' flag is provided.
src/app/(dashboard)/list/fees/page.tsx(823,15): error TS17004: Cannot use JSX unless the '--jsx' flag is provided.
src/app/(dashboard)/list/fees/page.tsx(824,17): error TS17004: Cannot use JSX unless the '--jsx' flag is provided.
src/app/(dashboard)/list/fees/page.tsx(825,19): error TS17004: Cannot use JSX unless the '--jsx' flag is provided.
src/app/(dashboard)/list/fees/page.tsx(826,19): error TS17004: Cannot use JSX unless the '--jsx' flag is provided.
src/app/(dashboard)/list/fees/page.tsx(828,17): error TS17004: Cannot use JSX unless the '--jsx' flag is provided.
src/app/(dashboard)/list/fees/page.tsx(829,19): error TS17004: Cannot use JSX unless the '--jsx' flag is provided.
src/app/(dashboard)/list/fees/page.tsx(834,15): error TS17004: Cannot use JSX unless the '--jsx' flag is provided.
src/app/(dashboard)/list/fees/page.tsx(846,7): error TS17004: Cannot use JSX unless the '--jsx' flag is provided.
src/app/(dashboard)/list/fees/page.tsx(861,9): error TS17004: Cannot use JSX unless the '--jsx' flag is provided.
src/app/(dashboard)/list/fees/page.tsx(863,13): error TS17004: Cannot use JSX unless the '--jsx' flag is provided.
src/app/(dashboard)/list/fees/page.tsx(864,15): error TS17004: Cannot use JSX unless the '--jsx' flag is provided.
src/app/(dashboard)/list/fees/page.tsx(865,15): error TS17004: Cannot use JSX unless the '--jsx' flag is provided.
src/app/(dashboard)/list/fees/page.tsx(866,17): error TS17004: Cannot use JSX unless the '--jsx' flag is provided.
src/app/(dashboard)/list/fees/page.tsx(867,19): error TS17004: Cannot use JSX unless the '--jsx' flag is provided.
src/app/(dashboard)/list/fees/page.tsx(868,19): error TS17004: Cannot use JSX unless the '--jsx' flag is provided.
src/app/(dashboard)/list/fees/page.tsx(875,17): error TS17004: Cannot use JSX unless the '--jsx' flag is provided.
src/app/(dashboard)/list/fees/page.tsx(876,19): error TS17004: Cannot use JSX unless the '--jsx' flag is provided.
src/app/(dashboard)/list/fees/page.tsx(877,21): error TS17004: Cannot use JSX unless the '--jsx' flag is provided.
src/app/(dashboard)/list/fees/page.tsx(878,21): error TS17004: Cannot use JSX unless the '--jsx' flag is provided.
src/app/(dashboard)/list/fees/page.tsx(885,19): error TS17004: Cannot use JSX unless the '--jsx' flag is provided.
src/app/(dashboard)/list/fees/page.tsx(886,21): error TS17004: Cannot use JSX unless the '--jsx' flag is provided.
src/app/(dashboard)/list/fees/page.tsx(887,21): error TS17004: Cannot use JSX unless the '--jsx' flag is provided.
src/app/(dashboard)/list/fees/page.tsx(895,17): error TS17004: Cannot use JSX unless the '--jsx' flag is provided.
src/app/(dashboard)/list/fees/page.tsx(896,19): error TS17004: Cannot use JSX unless the '--jsx' flag is provided.
src/app/(dashboard)/list/fees/page.tsx(897,19): error TS17004: Cannot use JSX unless the '--jsx' flag is provided.
src/app/(dashboard)/list/fees/page.tsx(902,21): error TS17004: Cannot use JSX unless the '--jsx' flag is provided.
src/app/(dashboard)/list/fees/page.tsx(903,21): error TS17004: Cannot use JSX unless the '--jsx' flag is provided.
src/app/(dashboard)/list/fees/page.tsx(904,21): error TS17004: Cannot use JSX unless the '--jsx' flag is provided.
src/app/(dashboard)/list/fees/page.tsx(905,21): error TS17004: Cannot use JSX unless the '--jsx' flag is provided.
src/app/(dashboard)/list/fees/page.tsx(906,21): error TS17004: Cannot use JSX unless the '--jsx' flag is provided.
src/app/(dashboard)/list/fees/page.tsx(910,19): error TS17004: Cannot use JSX unless the '--jsx' flag is provided.
src/app/(dashboard)/list/fees/page.tsx(911,21): error TS17004: Cannot use JSX unless the '--jsx' flag is provided.
src/app/(dashboard)/list/fees/page.tsx(912,21): error TS17004: Cannot use JSX unless the '--jsx' flag is provided.
src/app/(dashboard)/list/fees/page.tsx(917,23): error TS17004: Cannot use JSX unless the '--jsx' flag is provided.
src/app/(dashboard)/list/fees/page.tsx(919,25): error TS17004: Cannot use JSX unless the '--jsx' flag is provided.
src/app/(dashboard)/list/fees/page.tsx(926,17): error TS17004: Cannot use JSX unless the '--jsx' flag is provided.
src/app/(dashboard)/list/fees/page.tsx(927,19): error TS17004: Cannot use JSX unless the '--jsx' flag is provided.
src/app/(dashboard)/list/fees/page.tsx(928,19): error TS17004: Cannot use JSX unless the '--jsx' flag is provided.
src/app/(dashboard)/list/fees/page.tsx(933,21): error TS17004: Cannot use JSX unless the '--jsx' flag is provided.
src/app/(dashboard)/list/fees/page.tsx(938,23): error TS17004: Cannot use JSX unless the '--jsx' flag is provided.
src/app/(dashboard)/list/fees/page.tsx(944,17): error TS17004: Cannot use JSX unless the '--jsx' flag is provided.
src/app/(dashboard)/list/fees/page.tsx(945,19): error TS17004: Cannot use JSX unless the '--jsx' flag is provided.
src/app/(dashboard)/list/fees/page.tsx(946,19): error TS17004: Cannot use JSX unless the '--jsx' flag is provided.
src/app/(dashboard)/list/fees/page.tsx(952,17): error TS17004: Cannot use JSX unless the '--jsx' flag is provided.
src/app/(dashboard)/list/fees/page.tsx(956,13): error TS17004: Cannot use JSX unless the '--jsx' flag is provided.
src/app/(dashboard)/list/fees/page.tsx(966,7): error TS17004: Cannot use JSX unless the '--jsx' flag is provided.
src/app/(dashboard)/list/fees/page.tsx(970,9): error TS17004: Cannot use JSX unless the '--jsx' flag is provided.
src/app/(dashboard)/list/fees/page.tsx(971,11): error TS17004: Cannot use JSX unless the '--jsx' flag is provided.
src/app/(dashboard)/list/fees/page.tsx(972,13): error TS17004: Cannot use JSX unless the '--jsx' flag is provided.
src/app/(dashboard)/list/fees/page.tsx(973,13): error TS17004: Cannot use JSX unless the '--jsx' flag is provided.
src/app/(dashboard)/list/fees/page.tsx(974,15): error TS17004: Cannot use JSX unless the '--jsx' flag is provided.
src/app/(dashboard)/list/fees/page.tsx(978,13): error TS17004: Cannot use JSX unless the '--jsx' flag is provided.
src/app/(dashboard)/list/fees/page.tsx(979,15): error TS17004: Cannot use JSX unless the '--jsx' flag is provided.
src/app/(dashboard)/list/fees/page.tsx(980,17): error TS17004: Cannot use JSX unless the '--jsx' flag is provided.
src/app/(dashboard)/list/fees/page.tsx(981,17): error TS17004: Cannot use JSX unless the '--jsx' flag is provided.
src/app/(dashboard)/list/fees/page.tsx(983,15): error TS17004: Cannot use JSX unless the '--jsx' flag is provided.
src/app/(dashboard)/list/fees/page.tsx(984,17): error TS17004: Cannot use JSX unless the '--jsx' flag is provided.
src/app/(dashboard)/list/fees/page.tsx(985,17): error TS17004: Cannot use JSX unless the '--jsx' flag is provided.
src/app/(dashboard)/list/fees/page.tsx(987,15): error TS17004: Cannot use JSX unless the '--jsx' flag is provided.
src/app/(dashboard)/list/fees/page.tsx(988,17): error TS17004: Cannot use JSX unless the '--jsx' flag is provided.
src/app/(dashboard)/list/fees/page.tsx(989,17): error TS17004: Cannot use JSX unless the '--jsx' flag is provided.
src/app/(dashboard)/list/fees/page.tsx(996,15): error TS17004: Cannot use JSX unless the '--jsx' flag is provided.
src/app/(dashboard)/list/fees/page.tsx(997,17): error TS17004: Cannot use JSX unless the '--jsx' flag is provided.
src/app/(dashboard)/list/fees/page.tsx(998,17): error TS17004: Cannot use JSX unless the '--jsx' flag is provided.
src/app/(dashboard)/list/fees/page.tsx(1003,19): error TS17004: Cannot use JSX unless the '--jsx' flag is provided.
src/app/(dashboard)/list/fees/page.tsx(1004,19): error TS17004: Cannot use JSX unless the '--jsx' flag is provided.
src/app/(dashboard)/list/fees/page.tsx(1005,19): error TS17004: Cannot use JSX unless the '--jsx' flag is provided.
src/app/(dashboard)/list/fees/page.tsx(1006,19): error TS17004: Cannot use JSX unless the '--jsx' flag is provided.
src/app/(dashboard)/list/fees/page.tsx(1009,15): error TS17004: Cannot use JSX unless the '--jsx' flag is provided.
src/app/(dashboard)/list/fees/page.tsx(1010,17): error TS17004: Cannot use JSX unless the '--jsx' flag is provided.
src/app/(dashboard)/list/fees/page.tsx(1014,19): error TS17004: Cannot use JSX unless the '--jsx' flag is provided.
src/app/(dashboard)/list/fees/page.tsx(1023,7): error TS17004: Cannot use JSX unless the '--jsx' flag is provided.
src/components/compte/CompteForm.tsx(3,8): error TS1259: Module '"F:/delSchool Website/frontend/node_modules/@types/react/index"' can only be default-imported using the 'esModuleInterop' flag
src/components/compte/CompteForm.tsx(12,8): error TS2307: Cannot find module '@/components/ui/dialog' or its corresponding type declarations.
src/components/compte/CompteForm.tsx(13,23): error TS2307: Cannot find module '@/components/ui/input' or its corresponding type declarations.
src/components/compte/CompteForm.tsx(14,24): error TS2307: Cannot find module '@/components/ui/button' or its corresponding type declarations.
src/components/compte/CompteForm.tsx(15,23): error TS2307: Cannot find module '@/components/ui/label' or its corresponding type declarations.
src/components/compte/CompteForm.tsx(16,26): error TS2307: Cannot find module '@/components/ui/checkbox' or its corresponding type declarations.
src/components/compte/CompteForm.tsx(18,23): error TS2307: Cannot find module '@/hooks/use-toast' or its corresponding type declarations.
src/components/compte/CompteForm.tsx(20,17): error TS2307: Cannot find module '@/lib/api' or its corresponding type declarations.
src/components/compte/CompteForm.tsx(24,18): error TS6142: Module '../ui/combobox' was resolved to 'F:/delSchool Website/frontend/src/components/ui/combobox.tsx', but '--jsx' is not set.
src/components/compte/CompteForm.tsx(28,13): error TS17004: Cannot use JSX unless the '--jsx' flag is provided.
src/components/compte/CompteForm.tsx(162,9): error TS17004: Cannot use JSX unless the '--jsx' flag is provided.
src/components/compte/CompteForm.tsx(164,17): error TS17004: Cannot use JSX unless the '--jsx' flag is provided.
src/components/compte/CompteForm.tsx(165,21): error TS17004: Cannot use JSX unless the '--jsx' flag is provided.
src/components/compte/CompteForm.tsx(166,25): error TS17004: Cannot use JSX unless the '--jsx' flag is provided.
src/components/compte/CompteForm.tsx(171,13): error TS17004: Cannot use JSX unless the '--jsx' flag is provided.
src/components/compte/CompteForm.tsx(172,17): error TS17004: Cannot use JSX unless the '--jsx' flag is provided.
src/components/compte/CompteForm.tsx(173,21): error TS17004: Cannot use JSX unless the '--jsx' flag is provided.
src/components/compte/CompteForm.tsx(174,25): error TS17004: Cannot use JSX unless the '--jsx' flag is provided.
src/components/compte/CompteForm.tsx(177,25): error TS17004: Cannot use JSX unless the '--jsx' flag is provided.
src/components/compte/CompteForm.tsx(182,21): error TS17004: Cannot use JSX unless the '--jsx' flag is provided.
src/components/compte/CompteForm.tsx(183,25): error TS17004: Cannot use JSX unless the '--jsx' flag is provided.
src/components/compte/CompteForm.tsx(184,29): error TS17004: Cannot use JSX unless the '--jsx' flag is provided.
src/components/compte/CompteForm.tsx(185,29): error TS17004: Cannot use JSX unless the '--jsx' flag is provided.
src/components/compte/CompteForm.tsx(195,25): error TS17004: Cannot use JSX unless the '--jsx' flag is provided.
src/components/compte/CompteForm.tsx(196,29): error TS17004: Cannot use JSX unless the '--jsx' flag is provided.
src/components/compte/CompteForm.tsx(197,29): error TS17004: Cannot use JSX unless the '--jsx' flag is provided.
src/components/compte/CompteForm.tsx(206,25): error TS17004: Cannot use JSX unless the '--jsx' flag is provided.
src/components/compte/CompteForm.tsx(207,29): error TS17004: Cannot use JSX unless the '--jsx' flag is provided.
src/components/compte/CompteForm.tsx(214,29): error TS17004: Cannot use JSX unless the '--jsx' flag is provided.
src/components/compte/CompteForm.tsx(218,21): error TS17004: Cannot use JSX unless the '--jsx' flag is provided.
src/components/compte/CompteForm.tsx(219,25): error TS17004: Cannot use JSX unless the '--jsx' flag is provided.
src/components/compte/CompteForm.tsx(227,25): error TS17004: Cannot use JSX unless the '--jsx' flag is provided.
src/components/compte/CompteForm.tsx(229,33): error TS17004: Cannot use JSX unless the '--jsx' flag is provided.
src/components/compte/CompteForm.tsx(230,37): error TS17004: Cannot use JSX unless the '--jsx' flag is provided.
src/components/compte/CompteTree.tsx(3,8): error TS1259: Module '"F:/delSchool Website/frontend/node_modules/@types/react/index"' can only be default-imported using the 'esModuleInterop' flag
src/components/compte/CompteTree.tsx(6,24): error TS2307: Cannot find module '@/components/ui/button' or its corresponding type declarations.
src/components/compte/CompteTree.tsx(40,9): error TS17004: Cannot use JSX unless the '--jsx' flag is provided.
src/components/compte/CompteTree.tsx(41,13): error TS17004: Cannot use JSX unless the '--jsx' flag is provided.
src/components/compte/CompteTree.tsx(45,17): error TS17004: Cannot use JSX unless the '--jsx' flag is provided.
src/components/compte/CompteTree.tsx(47,25): error TS17004: Cannot use JSX unless the '--jsx' flag is provided.
src/components/compte/CompteTree.tsx(52,33): error TS17004: Cannot use JSX unless the '--jsx' flag is provided.
src/components/compte/CompteTree.tsx(54,33): error TS17004: Cannot use JSX unless the '--jsx' flag is provided.
src/components/compte/CompteTree.tsx(58,25): error TS17004: Cannot use JSX unless the '--jsx' flag is provided.
src/components/compte/CompteTree.tsx(62,25): error TS17004: Cannot use JSX unless the '--jsx' flag is provided.
src/components/compte/CompteTree.tsx(64,25): error TS17004: Cannot use JSX unless the '--jsx' flag is provided.
src/components/compte/CompteTree.tsx(67,21): error TS17004: Cannot use JSX unless the '--jsx' flag is provided.
src/components/compte/CompteTree.tsx(72,17): error TS17004: Cannot use JSX unless the '--jsx' flag is provided.
src/components/compte/CompteTree.tsx(73,21): error TS17004: Cannot use JSX unless the '--jsx' flag is provided.
src/components/compte/CompteTree.tsx(79,25): error TS17004: Cannot use JSX unless the '--jsx' flag is provided.
src/components/compte/CompteTree.tsx(81,21): error TS17004: Cannot use JSX unless the '--jsx' flag is provided.
src/components/compte/CompteTree.tsx(87,25): error TS17004: Cannot use JSX unless the '--jsx' flag is provided.
src/components/compte/CompteTree.tsx(89,21): error TS17004: Cannot use JSX unless the '--jsx' flag is provided.
src/components/compte/CompteTree.tsx(95,25): error TS17004: Cannot use JSX unless the '--jsx' flag is provided.
src/components/compte/CompteTree.tsx(100,13): error TS17004: Cannot use JSX unless the '--jsx' flag is provided.
src/components/compte/CompteTree.tsx(102,21): error TS17004: Cannot use JSX unless the '--jsx' flag is provided.
src/components/compte/CompteTree.tsx(109,25): error TS17004: Cannot use JSX unless the '--jsx' flag is provided.
src/components/compte/CompteTree.tsx(111,33): error TS17004: Cannot use JSX unless the '--jsx' flag is provided.
src/components/compte/CompteTree.tsx(130,9): error TS17004: Cannot use JSX unless the '--jsx' flag is provided.
src/components/compte/CompteTree.tsx(131,13): error TS17004: Cannot use JSX unless the '--jsx' flag is provided.
src/components/compte/CompteTree.tsx(133,21): error TS17004: Cannot use JSX unless the '--jsx' flag is provided.
src/components/forms/FeeForm.tsx(6,23): error TS2307: Cannot find module '@/components/ui/input' or its corresponding type declarations.
src/components/forms/FeeForm.tsx(7,24): error TS2307: Cannot find module '@/components/ui/button' or its corresponding type declarations.
src/components/forms/FeeForm.tsx(8,23): error TS2307: Cannot find module '@/components/ui/label' or its corresponding type declarations.
src/components/forms/FeeForm.tsx(10,17): error TS2307: Cannot find module '@/lib/api' or its corresponding type declarations.
src/components/forms/FeeForm.tsx(18,8): error TS2307: Cannot find module '@/components/ui/select' or its corresponding type declarations.
src/components/forms/FeeForm.tsx(143,5): error TS17004: Cannot use JSX unless the '--jsx' flag is provided.
src/components/forms/FeeForm.tsx(144,7): error TS17004: Cannot use JSX unless the '--jsx' flag is provided.
src/components/forms/FeeForm.tsx(148,7): error TS17004: Cannot use JSX unless the '--jsx' flag is provided.
src/components/forms/FeeForm.tsx(149,9): error TS17004: Cannot use JSX unless the '--jsx' flag is provided.
src/components/forms/FeeForm.tsx(150,9): error TS17004: Cannot use JSX unless the '--jsx' flag is provided.
src/components/forms/FeeForm.tsx(152,11): error TS17004: Cannot use JSX unless the '--jsx' flag is provided.
src/components/forms/FeeForm.tsx(156,7): error TS17004: Cannot use JSX unless the '--jsx' flag is provided.
src/components/forms/FeeForm.tsx(157,9): error TS17004: Cannot use JSX unless the '--jsx' flag is provided.
src/components/forms/FeeForm.tsx(158,9): error TS17004: Cannot use JSX unless the '--jsx' flag is provided.
src/components/forms/FeeForm.tsx(160,11): error TS17004: Cannot use JSX unless the '--jsx' flag is provided.
src/components/forms/FeeForm.tsx(164,7): error TS17004: Cannot use JSX unless the '--jsx' flag is provided.
src/components/forms/FeeForm.tsx(165,9): error TS17004: Cannot use JSX unless the '--jsx' flag is provided.
src/components/forms/FeeForm.tsx(166,9): error TS17004: Cannot use JSX unless the '--jsx' flag is provided.
src/components/forms/FeeForm.tsx(168,11): error TS17004: Cannot use JSX unless the '--jsx' flag is provided.
src/components/forms/FeeForm.tsx(172,7): error TS17004: Cannot use JSX unless the '--jsx' flag is provided.
src/components/forms/FeeForm.tsx(173,9): error TS17004: Cannot use JSX unless the '--jsx' flag is provided.
src/components/forms/FeeForm.tsx(174,9): error TS17004: Cannot use JSX unless the '--jsx' flag is provided.
src/components/forms/FeeForm.tsx(178,13): error TS17004: Cannot use JSX unless the '--jsx' flag is provided.
src/components/forms/FeeForm.tsx(182,15): error TS17004: Cannot use JSX unless the '--jsx' flag is provided.
src/components/forms/FeeForm.tsx(183,17): error TS17004: Cannot use JSX unless the '--jsx' flag is provided.
src/components/forms/FeeForm.tsx(185,15): error TS17004: Cannot use JSX unless the '--jsx' flag is provided.
src/components/forms/FeeForm.tsx(187,19): error TS17004: Cannot use JSX unless the '--jsx' flag is provided.
src/components/forms/FeeForm.tsx(196,11): error TS17004: Cannot use JSX unless the '--jsx' flag is provided.
src/components/forms/FeeForm.tsx(200,7): error TS17004: Cannot use JSX unless the '--jsx' flag is provided.
src/components/forms/FeeForm.tsx(201,9): error TS17004: Cannot use JSX unless the '--jsx' flag is provided.
src/components/forms/FeeForm.tsx(202,9): error TS17004: Cannot use JSX unless the '--jsx' flag is provided.
src/components/forms/FeeForm.tsx(206,13): error TS17004: Cannot use JSX unless the '--jsx' flag is provided.
src/components/forms/FeeForm.tsx(210,15): error TS17004: Cannot use JSX unless the '--jsx' flag is provided.
src/components/forms/FeeForm.tsx(211,17): error TS17004: Cannot use JSX unless the '--jsx' flag is provided.
src/components/forms/FeeForm.tsx(213,15): error TS17004: Cannot use JSX unless the '--jsx' flag is provided.
src/components/forms/FeeForm.tsx(215,19): error TS17004: Cannot use JSX unless the '--jsx' flag is provided.
src/components/forms/FeeForm.tsx(224,11): error TS17004: Cannot use JSX unless the '--jsx' flag is provided.
src/components/forms/FeeForm.tsx(228,7): error TS17004: Cannot use JSX unless the '--jsx' flag is provided.
src/components/forms/FeeForm.tsx(229,9): error TS17004: Cannot use JSX unless the '--jsx' flag is provided.
src/components/forms/FeeForm.tsx(230,9): error TS17004: Cannot use JSX unless the '--jsx' flag is provided.
src/components/forms/FeeForm.tsx(234,13): error TS17004: Cannot use JSX unless the '--jsx' flag is provided.
src/components/forms/FeeForm.tsx(238,15): error TS17004: Cannot use JSX unless the '--jsx' flag is provided.
src/components/forms/FeeForm.tsx(239,17): error TS17004: Cannot use JSX unless the '--jsx' flag is provided.
src/components/forms/FeeForm.tsx(241,15): error TS17004: Cannot use JSX unless the '--jsx' flag is provided.
src/components/forms/FeeForm.tsx(243,19): error TS17004: Cannot use JSX unless the '--jsx' flag is provided.
src/components/forms/FeeForm.tsx(252,11): error TS17004: Cannot use JSX unless the '--jsx' flag is provided.
src/components/forms/FeeForm.tsx(256,7): error TS17004: Cannot use JSX unless the '--jsx' flag is provided.
src/components/forms/FeeForm.tsx(257,9): error TS17004: Cannot use JSX unless the '--jsx' flag is provided.
src/components/forms/FeeForm.tsx(258,9): error TS17004: Cannot use JSX unless the '--jsx' flag is provided.
src/components/forms/FeeForm.tsx(260,11): error TS17004: Cannot use JSX unless the '--jsx' flag is provided.
src/components/forms/FeeForm.tsx(264,7): error TS17004: Cannot use JSX unless the '--jsx' flag is provided.
