prisma/seed.ts(225,9): error TS2322: Type '{ studentId: number; classId: number; schoolYearId: number; isCurrent: true; }' is not assignable to type '(Without<StudentClassCreateInput, StudentClassUncheckedCreateInput> & StudentClassUncheckedCreateInput) | (Without<...> & StudentClassCreateInput)'.
  Type '{ studentId: number; classId: number; schoolYearId: number; isCurrent: true; }' is not assignable to type 'Without<StudentClassCreateInput, StudentClassUncheckedCreateInput> & StudentClassUncheckedCreateInput'.
    Property 'tenantId' is missing in type '{ studentId: number; classId: number; schoolYearId: number; isCurrent: true; }' but required in type 'StudentClassUncheckedCreateInput'.
src/attendance/attendance-cron.service.ts(45,11): error TS2322: Type '{ employerId: number; date: Date; status: "ABSENT"; academicYear: string; remarks: string; }' is not assignable to type '(Without<EmployerAttendanceCreateInput, EmployerAttendanceUncheckedCreateInput> & EmployerAttendanceUncheckedCreateInput) | (Without<...> & EmployerAttendanceCreateInput)'.
  Type '{ employerId: number; date: Date; status: "ABSENT"; academicYear: string; remarks: string; }' is not assignable to type 'Without<EmployerAttendanceCreateInput, EmployerAttendanceUncheckedCreateInput> & EmployerAttendanceUncheckedCreateInput'.
    Property 'tenantId' is missing in type '{ employerId: number; date: Date; status: "ABSENT"; academicYear: string; remarks: string; }' but required in type 'EmployerAttendanceUncheckedCreateInput'.
src/local/local.controller.ts(27,39): error TS2345: Argument of type 'number' is not assignable to parameter of type 'string'.
src/local/local.controller.ts(32,43): error TS2554: Expected 2 arguments, but got 1.
src/local/local.controller.ts(41,44): error TS2554: Expected 2 arguments, but got 1.
src/local/local.controller.ts(51,43): error TS2554: Expected 3 arguments, but got 2.
src/local/local.controller.ts(57,30): error TS2554: Expected 1 arguments, but got 0.
src/payment/payment.service.ts(40,17): error TS2322: Type '{ amount: number; method: any; transactionId: string | undefined; description: string | undefined; feeId: number; studentId: number | null; compteId: number; }' is not assignable to type '(Without<PaymentCreateInput, PaymentUncheckedCreateInput> & PaymentUncheckedCreateInput) | (Without<...> & PaymentCreateInput)'.
  Type '{ amount: number; method: any; transactionId: string | undefined; description: string | undefined; feeId: number; studentId: number | null; compteId: number; }' is not assignable to type 'Without<PaymentCreateInput, PaymentUncheckedCreateInput> & PaymentUncheckedCreateInput'.
    Property 'tenantId' is missing in type '{ amount: number; method: any; transactionId: string | undefined; description: string | undefined; feeId: number; studentId: number | null; compteId: number; }' but required in type 'PaymentUncheckedCreateInput'.
src/payment/payment.service.ts(70,29): error TS2741: Property 'tenantId' is missing in type '{ lineNumber: number; compteId: number; debit: number; credit: number; }' but required in type 'JournalLineUncheckedCreateWithoutEntryInput'.
src/payment/payment.service.ts(76,29): error TS2741: Property 'tenantId' is missing in type '{ lineNumber: number; compteId: number; debit: number; credit: number; }' but required in type 'JournalLineUncheckedCreateWithoutEntryInput'.
src/student/student.service.ts(183,21): error TS2322: Type '{ studentId: number; classId: number; schoolYearId: any; isCurrent: true; }' is not assignable to type '(Without<StudentClassCreateInput, StudentClassUncheckedCreateInput> & StudentClassUncheckedCreateInput) | (Without<...> & StudentClassCreateInput)'.
  Type '{ studentId: number; classId: number; schoolYearId: any; isCurrent: true; }' is not assignable to type 'Without<StudentClassCreateInput, StudentClassUncheckedCreateInput> & StudentClassUncheckedCreateInput'.
    Property 'tenantId' is missing in type '{ studentId: number; classId: number; schoolYearId: any; isCurrent: true; }' but required in type 'StudentClassUncheckedCreateInput'.
src/student/student.service.ts(379,17): error TS2322: Type '{ studentId: number; classId: number; schoolYearId: any; isCurrent: true; }' is not assignable to type '(Without<StudentClassCreateInput, StudentClassUncheckedCreateInput> & StudentClassUncheckedCreateInput) | (Without<...> & StudentClassCreateInput)'.
  Type '{ studentId: number; classId: number; schoolYearId: any; isCurrent: true; }' is not assignable to type 'Without<StudentClassCreateInput, StudentClassUncheckedCreateInput> & StudentClassUncheckedCreateInput'.
    Property 'tenantId' is missing in type '{ studentId: number; classId: number; schoolYearId: any; isCurrent: true; }' but required in type 'StudentClassUncheckedCreateInput'.
src/transition/transition.service.ts(122,21): error TS2322: Type '{ studentId: number; classId: number; schoolYearId: number; isCurrent: true; cloture: false; }' is not assignable to type '(Without<StudentClassCreateInput, StudentClassUncheckedCreateInput> & StudentClassUncheckedCreateInput) | (Without<...> & StudentClassCreateInput)'.
  Type '{ studentId: number; classId: number; schoolYearId: number; isCurrent: true; cloture: false; }' is not assignable to type 'Without<StudentClassCreateInput, StudentClassUncheckedCreateInput> & StudentClassUncheckedCreateInput'.
    Property 'tenantId' is missing in type '{ studentId: number; classId: number; schoolYearId: number; isCurrent: true; cloture: false; }' but required in type 'StudentClassUncheckedCreateInput'.
